INFO: [VRFC 10-2263] Analyzing Verilog file "C:/projects/neural_network/neural_network.sim/sim_1/impl/func/xsim/nn_tb_func_impl.v" into library xil_defaultlib
INFO: [VRFC 10-311] analyzing module axis_nn
INFO: [VRFC 10-311] analyzing module nn
INFO: [VRFC 10-311] analyzing module register
INFO: [VRFC 10-311] analyzing module register_0
INFO: [VRFC 10-311] analyzing module register__parameterized0_69
INFO: [VRFC 10-311] analyzing module systolic
INFO: [VRFC 10-311] analyzing module xpm_cdc_sync_rst
INFO: [VRFC 10-311] analyzing module xpm_cdc_sync_rst__2
INFO: [VRFC 10-311] analyzing module xpm_counter_updn_78
INFO: [VRFC 10-311] analyzing module xpm_counter_updn__parameterized0
INFO: [VRFC 10-311] analyzing module xpm_counter_updn__parameterized0_76
INFO: [VRFC 10-311] analyzing module xpm_counter_updn__parameterized0_79
INFO: [VRFC 10-311] analyzing module xpm_counter_updn__parameterized0_82
INFO: [VRFC 10-311] analyzing module xpm_counter_updn__parameterized1
INFO: [VRFC 10-311] analyzing module xpm_counter_updn__parameterized1_77
INFO: [VRFC 10-311] analyzing module xpm_counter_updn__parameterized1_80
INFO: [VRFC 10-311] analyzing module xpm_counter_updn__parameterized1_83
INFO: [VRFC 10-311] analyzing module xpm_fifo_axis
INFO: [VRFC 10-311] analyzing module xpm_fifo_axis__xdcDup__1
INFO: [VRFC 10-311] analyzing module xpm_fifo_base
INFO: [VRFC 10-311] analyzing module xpm_fifo_base__2
INFO: [VRFC 10-311] analyzing module xpm_fifo_reg_bit
INFO: [VRFC 10-311] analyzing module xpm_fifo_reg_bit_81
INFO: [VRFC 10-311] analyzing module xpm_fifo_rst
INFO: [VRFC 10-311] analyzing module xpm_fifo_rst_84
INFO: [VRFC 10-311] analyzing module xpm_memory_base
INFO: [VRFC 10-311] analyzing module glbl
INFO: [VRFC 10-2263] Analyzing Verilog file "C:/projects/neural_network/neural_network.srcs/sources_1/imports/module/nn.v" into library xil_defaultlib
INFO: [VRFC 10-311] analyzing module nn
WARNING: [VRFC 10-3609] overwriting previous definition of module 'nn' [C:/projects/neural_network/neural_network.srcs/sources_1/imports/module/nn.v:3]
INFO: [VRFC 10-2263] Analyzing Verilog file "C:/projects/neural_network/neural_network.srcs/sources_1/imports/module/pe.v" into library xil_defaultlib
INFO: [VRFC 10-311] analyzing module pe
INFO: [VRFC 10-2263] Analyzing Verilog file "C:/projects/neural_network/neural_network.srcs/sources_1/imports/module/register.v" into library xil_defaultlib
INFO: [VRFC 10-311] analyzing module register
WARNING: [VRFC 10-3609] overwriting previous definition of module 'register' [C:/projects/neural_network/neural_network.srcs/sources_1/imports/module/register.v:3]
INFO: [VRFC 10-2263] Analyzing Verilog file "C:/projects/neural_network/neural_network.srcs/sources_1/imports/module/sigmoid.v" into library xil_defaultlib
INFO: [VRFC 10-311] analyzing module sigmoid
INFO: [VRFC 10-2263] Analyzing Verilog file "C:/projects/neural_network/neural_network.srcs/sources_1/imports/module/systolic.v" into library xil_defaultlib
INFO: [VRFC 10-311] analyzing module systolic
WARNING: [VRFC 10-3609] overwriting previous definition of module 'systolic' [C:/projects/neural_network/neural_network.srcs/sources_1/imports/module/systolic.v:3]
INFO: [VRFC 10-2263] Analyzing Verilog file "C:/projects/neural_network/neural_network.srcs/sim_1/imports/testbench/nn_tb.v" into library xil_defaultlib
INFO: [VRFC 10-311] analyzing module nn_tb
