Vivado Simulator 2020.1
Copyright 1986-1999, 2001-2020 Xilinx, Inc. All Rights Reserved.
Running: C:/Vivado/Vivado/2020.1/bin/unwrapped/win64.o/xelab.exe -wto c134fc47b01d4eefb8614112ab008447 --incr --debug typical --relax --mt 2 -L xil_defaultlib -L unisims_ver -L secureip --snapshot register_tb_func_synth xil_defaultlib.register_tb xil_defaultlib.glbl -log elaborate.log 
Using 2 slave threads.
Starting static elaboration
Pass Through NonSizing Optimizer
WARNING: [VRFC 10-3755] too many parameters for module instance 'dut' [C:/Users/akshi/Downloads/nn_system_architecture/simulations_rema_modules/dff_zed/dff_zed.srcs/sim_1/imports/reg/register_tb.v:14]
Completed static elaboration
Starting simulation data flow analysis
Completed simulation data flow analysis
Time Resolution for simulation is 1ps
Compiling module unisims_ver.BUFG
Compiling module unisims_ver.IBUF
Compiling module unisims_ver.x_lut2_mux4
Compiling module unisims_ver.LUT2(INIT=4'b1011)
Compiling module unisims_ver.OBUF
Compiling module unisims_ver.FDRE_default
Compiling module xil_defaultlib.register
Compiling module xil_defaultlib.register_tb
Compiling module xil_defaultlib.glbl
Built simulation snapshot register_tb_func_synth
