
*** Running vivado
    with args -log fsmd_bd_wrapper.vdi -applog -m64 -product Vivado -messageDb vivado.pb -mode batch -source fsmd_bd_wrapper.tcl -notrace



****** Vivado v2020.1 (64-bit)
  **** SW Build 2902540 on Wed May 27 19:54:49 MDT 2020
  **** IP Build 2902112 on Wed May 27 22:43:36 MDT 2020
    ** Copyright 1986-2020 Xilinx, Inc. All Rights Reserved.

source fsmd_bd_wrapper.tcl -notrace
create_project: Time (s): cpu = 00:00:04 ; elapsed = 00:00:07 . Memory (MB): peak = 1060.715 ; gain = 0.000
INFO: [IP_Flow 19-234] Refreshing IP repositories
INFO: [IP_Flow 19-1704] No user IP repositories specified
INFO: [IP_Flow 19-2313] Loaded Vivado IP repository 'C:/Xilinx/Vivado/2020.1/data/ip'.
add_files: Time (s): cpu = 00:00:08 ; elapsed = 00:00:14 . Memory (MB): peak = 1060.715 ; gain = 0.000
Command: link_design -top fsmd_bd_wrapper -part xc7z020clg484-1
Design is defaulting to srcset: sources_1
Design is defaulting to constrset: constrs_1
INFO: [Device 21-403] Loading part xc7z020clg484-1
Netlist sorting complete. Time (s): cpu = 00:00:00 ; elapsed = 00:00:00.124 . Memory (MB): peak = 1060.715 ; gain = 0.000
INFO: [Netlist 29-17] Analyzing 105 Unisim elements for replacement
INFO: [Netlist 29-28] Unisim Transformation completed in 0 CPU seconds
INFO: [Project 1-479] Netlist was created with Vivado 2020.1
INFO: [Project 1-570] Preparing netlist for logic optimization
Parsing XDC File [c:/Users/akshi/Downloads/nn_system_architecture/simulations_rema_modules/digital_design_verification/fsmd/fsmd.srcs/sources_1/bd/fsmd_bd/ip/fsmd_bd_processing_system7_0_0/fsmd_bd_processing_system7_0_0.xdc] for cell 'fsmd_bd_i/processing_system7_0/inst'
Finished Parsing XDC File [c:/Users/akshi/Downloads/nn_system_architecture/simulations_rema_modules/digital_design_verification/fsmd/fsmd.srcs/sources_1/bd/fsmd_bd/ip/fsmd_bd_processing_system7_0_0/fsmd_bd_processing_system7_0_0.xdc] for cell 'fsmd_bd_i/processing_system7_0/inst'
Parsing XDC File [c:/Users/akshi/Downloads/nn_system_architecture/simulations_rema_modules/digital_design_verification/fsmd/fsmd.srcs/sources_1/bd/fsmd_bd/ip/fsmd_bd_system_ila_0_0/bd_0/ip/ip_0/ila_v6_2/constraints/ila_impl.xdc] for cell 'fsmd_bd_i/system_ila_0/inst/ila_lib/inst'
Finished Parsing XDC File [c:/Users/akshi/Downloads/nn_system_architecture/simulations_rema_modules/digital_design_verification/fsmd/fsmd.srcs/sources_1/bd/fsmd_bd/ip/fsmd_bd_system_ila_0_0/bd_0/ip/ip_0/ila_v6_2/constraints/ila_impl.xdc] for cell 'fsmd_bd_i/system_ila_0/inst/ila_lib/inst'
Parsing XDC File [c:/Users/akshi/Downloads/nn_system_architecture/simulations_rema_modules/digital_design_verification/fsmd/fsmd.srcs/sources_1/bd/fsmd_bd/ip/fsmd_bd_system_ila_0_0/bd_0/ip/ip_0/ila_v6_2/constraints/ila.xdc] for cell 'fsmd_bd_i/system_ila_0/inst/ila_lib/inst'
Finished Parsing XDC File [c:/Users/akshi/Downloads/nn_system_architecture/simulations_rema_modules/digital_design_verification/fsmd/fsmd.srcs/sources_1/bd/fsmd_bd/ip/fsmd_bd_system_ila_0_0/bd_0/ip/ip_0/ila_v6_2/constraints/ila.xdc] for cell 'fsmd_bd_i/system_ila_0/inst/ila_lib/inst'
Parsing XDC File [c:/Users/akshi/Downloads/nn_system_architecture/simulations_rema_modules/digital_design_verification/fsmd/fsmd.srcs/sources_1/bd/fsmd_bd/ip/fsmd_bd_vio_0_0/fsmd_bd_vio_0_0.xdc] for cell 'fsmd_bd_i/vio_0'
Finished Parsing XDC File [c:/Users/akshi/Downloads/nn_system_architecture/simulations_rema_modules/digital_design_verification/fsmd/fsmd.srcs/sources_1/bd/fsmd_bd/ip/fsmd_bd_vio_0_0/fsmd_bd_vio_0_0.xdc] for cell 'fsmd_bd_i/vio_0'
INFO: [Opt 31-138] Pushed 0 inverter(s) to 0 load pin(s).
Netlist sorting complete. Time (s): cpu = 00:00:00 ; elapsed = 00:00:00.004 . Memory (MB): peak = 1060.715 ; gain = 0.000
INFO: [Project 1-111] Unisim Transformation Summary:
  A total of 56 instances were transformed.
  CFGLUT5 => CFGLUT5 (SRL16E, SRLC32E): 56 instances

10 Infos, 0 Warnings, 0 Critical Warnings and 0 Errors encountered.
link_design completed successfully
link_design: Time (s): cpu = 00:00:21 ; elapsed = 00:00:37 . Memory (MB): peak = 1060.715 ; gain = 0.000
Command: opt_design
Attempting to get a license for feature 'Implementation' and/or device 'xc7z020'
INFO: [Common 17-349] Got license for feature 'Implementation' and/or device 'xc7z020'
Running DRC as a precondition to command opt_design

Starting DRC Task
INFO: [DRC 23-27] Running DRC with 2 threads
INFO: [Project 1-461] DRC finished with 0 Errors
INFO: [Project 1-462] Please refer to the DRC report (report_drc) for more information.

Time (s): cpu = 00:00:04 ; elapsed = 00:00:03 . Memory (MB): peak = 1060.715 ; gain = 0.000

Starting Cache Timing Information Task
INFO: [Timing 38-35] Done setting XDC timing constraints.
Ending Cache Timing Information Task | Checksum: 174a34f82

Time (s): cpu = 00:00:21 ; elapsed = 00:00:23 . Memory (MB): peak = 1581.707 ; gain = 520.992

Starting Logic Optimization Task

Phase 1 Generate And Synthesize Debug Cores
INFO: [Chipscope 16-329] Generating Script for core instance : dbg_hub 
INFO: [IP_Flow 19-3806] Processing IP xilinx.com:ip:xsdbm:3.0 for cell dbg_hub_CV.
Netlist sorting complete. Time (s): cpu = 00:00:00 ; elapsed = 00:00:00.045 . Memory (MB): peak = 1843.352 ; gain = 0.000
Phase 1 Generate And Synthesize Debug Cores | Checksum: 1b2d18f87

Time (s): cpu = 00:00:03 ; elapsed = 00:03:24 . Memory (MB): peak = 1843.352 ; gain = 50.387

Phase 2 Retarget
INFO: [Opt 31-138] Pushed 0 inverter(s) to 0 load pin(s).
INFO: [Opt 31-49] Retargeted 0 cell(s).
Phase 2 Retarget | Checksum: 16d870b69

Time (s): cpu = 00:00:04 ; elapsed = 00:03:24 . Memory (MB): peak = 1843.352 ; gain = 50.387
INFO: [Opt 31-389] Phase Retarget created 4 cells and removed 36 cells
INFO: [Opt 31-1021] In phase Retarget, 83 netlist objects are constrained preventing optimization. Please run opt_design with -debug_log to get more detail. 

Phase 3 Constant propagation
INFO: [Opt 31-138] Pushed 0 inverter(s) to 0 load pin(s).
Phase 3 Constant propagation | Checksum: 16db16212

Time (s): cpu = 00:00:04 ; elapsed = 00:03:24 . Memory (MB): peak = 1843.352 ; gain = 50.387
INFO: [Opt 31-389] Phase Constant propagation created 0 cells and removed 16 cells
INFO: [Opt 31-1021] In phase Constant propagation, 67 netlist objects are constrained preventing optimization. Please run opt_design with -debug_log to get more detail. 

Phase 4 Sweep
Phase 4 Sweep | Checksum: 1cbde4f2f

Time (s): cpu = 00:00:05 ; elapsed = 00:03:25 . Memory (MB): peak = 1843.352 ; gain = 50.387
INFO: [Opt 31-389] Phase Sweep created 0 cells and removed 134 cells
INFO: [Opt 31-1021] In phase Sweep, 1278 netlist objects are constrained preventing optimization. Please run opt_design with -debug_log to get more detail. 

Phase 5 BUFG optimization
Phase 5 BUFG optimization | Checksum: 1cbde4f2f

Time (s): cpu = 00:00:05 ; elapsed = 00:03:25 . Memory (MB): peak = 1843.352 ; gain = 50.387
INFO: [Opt 31-662] Phase BUFG optimization created 0 cells of which 0 are BUFGs and removed 0 cells.

Phase 6 Shift Register Optimization
INFO: [Opt 31-1064] SRL Remap converted 0 SRLs to 0 registers and converted 0 registers of register chains to 0 SRLs
Phase 6 Shift Register Optimization | Checksum: 1cbde4f2f

Time (s): cpu = 00:00:05 ; elapsed = 00:03:26 . Memory (MB): peak = 1843.352 ; gain = 50.387
INFO: [Opt 31-389] Phase Shift Register Optimization created 0 cells and removed 0 cells

Phase 7 Post Processing Netlist
Phase 7 Post Processing Netlist | Checksum: 1cbde4f2f

Time (s): cpu = 00:00:05 ; elapsed = 00:03:26 . Memory (MB): peak = 1843.352 ; gain = 50.387
INFO: [Opt 31-389] Phase Post Processing Netlist created 0 cells and removed 0 cells
INFO: [Opt 31-1021] In phase Post Processing Netlist, 77 netlist objects are constrained preventing optimization. Please run opt_design with -debug_log to get more detail. 
Opt_design Change Summary
=========================


-------------------------------------------------------------------------------------------------------------------------
|  Phase                        |  #Cells created  |  #Cells Removed  |  #Constrained objects preventing optimizations  |
-------------------------------------------------------------------------------------------------------------------------
|  Retarget                     |               4  |              36  |                                             83  |
|  Constant propagation         |               0  |              16  |                                             67  |
|  Sweep                        |               0  |             134  |                                           1278  |
|  BUFG optimization            |               0  |               0  |                                              0  |
|  Shift Register Optimization  |               0  |               0  |                                              0  |
|  Post Processing Netlist      |               0  |               0  |                                             77  |
-------------------------------------------------------------------------------------------------------------------------



Starting Connectivity Check Task

Time (s): cpu = 00:00:00 ; elapsed = 00:00:00.021 . Memory (MB): peak = 1843.352 ; gain = 0.000
Ending Logic Optimization Task | Checksum: 1763d0ef5

Time (s): cpu = 00:00:05 ; elapsed = 00:03:26 . Memory (MB): peak = 1843.352 ; gain = 50.387

Starting Power Optimization Task
INFO: [Pwropt 34-132] Skipping clock gating for clocks with a period < 2.00 ns.
INFO: [Pwropt 34-9] Applying IDT optimizations ...
INFO: [Pwropt 34-10] Applying ODC optimizations ...
INFO: [Timing 38-35] Done setting XDC timing constraints.
Running Vector-less Activity Propagation...

Finished Running Vector-less Activity Propagation


Starting PowerOpt Patch Enables Task
INFO: [Pwropt 34-162] WRITE_MODE attribute of 0 BRAM(s) out of a total of 1 has been updated to save power. Run report_power_opt to get a complete listing of the BRAMs updated.
INFO: [Pwropt 34-201] Structural ODC has moved 0 WE to EN ports
Number of BRAM Ports augmented: 1 newly gated: 0 Total Ports: 2
Ending PowerOpt Patch Enables Task | Checksum: 1cf37ffff

Time (s): cpu = 00:00:00 ; elapsed = 00:00:00.058 . Memory (MB): peak = 1926.387 ; gain = 0.000
Ending Power Optimization Task | Checksum: 1cf37ffff

Time (s): cpu = 00:00:03 ; elapsed = 00:00:03 . Memory (MB): peak = 1926.387 ; gain = 83.035

Starting Final Cleanup Task
Ending Final Cleanup Task | Checksum: 1cf37ffff

Time (s): cpu = 00:00:00 ; elapsed = 00:00:00 . Memory (MB): peak = 1926.387 ; gain = 0.000

Starting Netlist Obfuscation Task
Netlist sorting complete. Time (s): cpu = 00:00:00 ; elapsed = 00:00:00.004 . Memory (MB): peak = 1926.387 ; gain = 0.000
Ending Netlist Obfuscation Task | Checksum: 221f1892f

Time (s): cpu = 00:00:00 ; elapsed = 00:00:00.005 . Memory (MB): peak = 1926.387 ; gain = 0.000
INFO: [Common 17-83] Releasing license: Implementation
41 Infos, 0 Warnings, 0 Critical Warnings and 0 Errors encountered.
opt_design completed successfully
opt_design: Time (s): cpu = 00:00:37 ; elapsed = 00:04:00 . Memory (MB): peak = 1926.387 ; gain = 865.672
INFO: [Timing 38-35] Done setting XDC timing constraints.
INFO: [Timing 38-480] Writing timing data to binary archive.
Writing placer database...
Writing XDEF routing.
Writing XDEF routing logical nets.
Writing XDEF routing special nets.
Write XDEF Complete: Time (s): cpu = 00:00:01 ; elapsed = 00:00:00.228 . Memory (MB): peak = 1926.387 ; gain = 0.000
INFO: [Common 17-1381] The checkpoint 'C:/Users/akshi/Downloads/nn_system_architecture/simulations_rema_modules/digital_design_verification/fsmd/fsmd.runs/impl_1/fsmd_bd_wrapper_opt.dcp' has been generated.
INFO: [runtcl-4] Executing : report_drc -file fsmd_bd_wrapper_drc_opted.rpt -pb fsmd_bd_wrapper_drc_opted.pb -rpx fsmd_bd_wrapper_drc_opted.rpx
Command: report_drc -file fsmd_bd_wrapper_drc_opted.rpt -pb fsmd_bd_wrapper_drc_opted.pb -rpx fsmd_bd_wrapper_drc_opted.rpx
INFO: [IP_Flow 19-1839] IP Catalog is up to date.
INFO: [DRC 23-27] Running DRC with 2 threads
INFO: [Coretcl 2-168] The results of DRC are in file C:/Users/akshi/Downloads/nn_system_architecture/simulations_rema_modules/digital_design_verification/fsmd/fsmd.runs/impl_1/fsmd_bd_wrapper_drc_opted.rpt.
report_drc completed successfully
INFO: [Chipscope 16-240] Debug cores have already been implemented
Command: place_design
Attempting to get a license for feature 'Implementation' and/or device 'xc7z020'
INFO: [Common 17-349] Got license for feature 'Implementation' and/or device 'xc7z020'
INFO: [DRC 23-27] Running DRC with 2 threads
INFO: [Vivado_Tcl 4-198] DRC finished with 0 Errors
INFO: [Vivado_Tcl 4-199] Please refer to the DRC report (report_drc) for more information.
Running DRC as a precondition to command place_design
INFO: [DRC 23-27] Running DRC with 2 threads
INFO: [Vivado_Tcl 4-198] DRC finished with 0 Errors
INFO: [Vivado_Tcl 4-199] Please refer to the DRC report (report_drc) for more information.

Starting Placer Task
INFO: [Place 30-611] Multithreading enabled for place_design using a maximum of 2 CPUs

Phase 1 Placer Initialization

Phase 1.1 Placer Initialization Netlist Sorting
Netlist sorting complete. Time (s): cpu = 00:00:00 ; elapsed = 00:00:00.004 . Memory (MB): peak = 1926.387 ; gain = 0.000
Phase 1.1 Placer Initialization Netlist Sorting | Checksum: 16e757677

Time (s): cpu = 00:00:01 ; elapsed = 00:00:00.034 . Memory (MB): peak = 1926.387 ; gain = 0.000
Netlist sorting complete. Time (s): cpu = 00:00:00 ; elapsed = 00:00:00.004 . Memory (MB): peak = 1926.387 ; gain = 0.000

Phase 1.2 IO Placement/ Clock Placement/ Build Placer Device
Phase 1.2 IO Placement/ Clock Placement/ Build Placer Device | Checksum: 12a7355f3

Time (s): cpu = 00:00:03 ; elapsed = 00:00:02 . Memory (MB): peak = 1926.387 ; gain = 0.000

Phase 1.3 Build Placer Netlist Model
Phase 1.3 Build Placer Netlist Model | Checksum: 2278c782c

Time (s): cpu = 00:00:05 ; elapsed = 00:00:04 . Memory (MB): peak = 1926.387 ; gain = 0.000

Phase 1.4 Constrain Clocks/Macros
Phase 1.4 Constrain Clocks/Macros | Checksum: 2278c782c

Time (s): cpu = 00:00:05 ; elapsed = 00:00:04 . Memory (MB): peak = 1926.387 ; gain = 0.000
Phase 1 Placer Initialization | Checksum: 2278c782c

Time (s): cpu = 00:00:05 ; elapsed = 00:00:04 . Memory (MB): peak = 1926.387 ; gain = 0.000

Phase 2 Global Placement

Phase 2.1 Floorplanning
Phase 2.1 Floorplanning | Checksum: 1f75fabb2

Time (s): cpu = 00:00:06 ; elapsed = 00:00:04 . Memory (MB): peak = 1926.387 ; gain = 0.000

Phase 2.2 Global Placement Core

Phase 2.2.1 Physical Synthesis In Placer
INFO: [Physopt 32-1035] Found 0 LUTNM shape to break, 119 LUT instances to create LUTNM shape
INFO: [Physopt 32-1044] Break lutnm for timing: one critical 0, two critical 0, total 0, new lutff created 0
INFO: [Physopt 32-775] End 1 Pass. Optimized 53 nets or cells. Created 0 new cell, deleted 53 existing cells and moved 0 existing cell
INFO: [Physopt 32-65] No nets found for high-fanout optimization.
INFO: [Physopt 32-232] Optimized 0 net. Created 0 new instance.
INFO: [Physopt 32-775] End 1 Pass. Optimized 0 net or cell. Created 0 new cell, deleted 0 existing cell and moved 0 existing cell
INFO: [Physopt 32-670] No setup violation found.  DSP Register Optimization was not performed.
INFO: [Physopt 32-670] No setup violation found.  Shift Register to Pipeline Optimization was not performed.
INFO: [Physopt 32-670] No setup violation found.  Shift Register Optimization was not performed.
INFO: [Physopt 32-670] No setup violation found.  BRAM Register Optimization was not performed.
INFO: [Physopt 32-670] No setup violation found.  URAM Register Optimization was not performed.
INFO: [Physopt 32-949] No candidate nets found for HD net replication
INFO: [Physopt 32-775] End 1 Pass. Optimized 0 net or cell. Created 0 new cell, deleted 0 existing cell and moved 0 existing cell
Netlist sorting complete. Time (s): cpu = 00:00:00 ; elapsed = 00:00:00.005 . Memory (MB): peak = 1926.387 ; gain = 0.000

Summary of Physical Synthesis Optimizations
============================================


-----------------------------------------------------------------------------------------------------------------------------------------------------------
|  Optimization                                     |  Added Cells  |  Removed Cells  |  Optimized Cells/Nets  |  Dont Touch  |  Iterations  |  Elapsed   |
-----------------------------------------------------------------------------------------------------------------------------------------------------------
|  LUT Combining                                    |            0  |             53  |                    53  |           0  |           1  |  00:00:00  |
|  Very High Fanout                                 |            0  |              0  |                     0  |           0  |           1  |  00:00:00  |
|  DSP Register                                     |            0  |              0  |                     0  |           0  |           0  |  00:00:00  |
|  Shift Register to Pipeline                       |            0  |              0  |                     0  |           0  |           0  |  00:00:00  |
|  Shift Register                                   |            0  |              0  |                     0  |           0  |           0  |  00:00:00  |
|  BRAM Register                                    |            0  |              0  |                     0  |           0  |           0  |  00:00:00  |
|  URAM Register                                    |            0  |              0  |                     0  |           0  |           0  |  00:00:00  |
|  Dynamic/Static Region Interface Net Replication  |            0  |              0  |                     0  |           0  |           1  |  00:00:00  |
|  Total                                            |            0  |             53  |                    53  |           0  |           3  |  00:00:00  |
-----------------------------------------------------------------------------------------------------------------------------------------------------------


Phase 2.2.1 Physical Synthesis In Placer | Checksum: d7691089

Time (s): cpu = 00:00:15 ; elapsed = 00:00:11 . Memory (MB): peak = 1926.387 ; gain = 0.000
Phase 2.2 Global Placement Core | Checksum: 1019e5a3b

Time (s): cpu = 00:00:15 ; elapsed = 00:00:11 . Memory (MB): peak = 1926.387 ; gain = 0.000
Phase 2 Global Placement | Checksum: 1019e5a3b

Time (s): cpu = 00:00:15 ; elapsed = 00:00:11 . Memory (MB): peak = 1926.387 ; gain = 0.000

Phase 3 Detail Placement

Phase 3.1 Commit Multi Column Macros
Phase 3.1 Commit Multi Column Macros | Checksum: 135c817b8

Time (s): cpu = 00:00:16 ; elapsed = 00:00:12 . Memory (MB): peak = 1926.387 ; gain = 0.000

Phase 3.2 Commit Most Macros & LUTRAMs
Phase 3.2 Commit Most Macros & LUTRAMs | Checksum: 1f2d1b4dc

Time (s): cpu = 00:00:17 ; elapsed = 00:00:12 . Memory (MB): peak = 1926.387 ; gain = 0.000

Phase 3.3 Area Swap Optimization
Phase 3.3 Area Swap Optimization | Checksum: 18b9a6cee

Time (s): cpu = 00:00:17 ; elapsed = 00:00:13 . Memory (MB): peak = 1926.387 ; gain = 0.000

Phase 3.4 Pipeline Register Optimization
Phase 3.4 Pipeline Register Optimization | Checksum: 203756158

Time (s): cpu = 00:00:17 ; elapsed = 00:00:13 . Memory (MB): peak = 1926.387 ; gain = 0.000

Phase 3.5 Small Shape Detail Placement
Phase 3.5 Small Shape Detail Placement | Checksum: 216e014be

Time (s): cpu = 00:00:20 ; elapsed = 00:00:16 . Memory (MB): peak = 1926.387 ; gain = 0.000

Phase 3.6 Re-assign LUT pins
Phase 3.6 Re-assign LUT pins | Checksum: 24b8532ea

Time (s): cpu = 00:00:20 ; elapsed = 00:00:16 . Memory (MB): peak = 1926.387 ; gain = 0.000

Phase 3.7 Pipeline Register Optimization
Phase 3.7 Pipeline Register Optimization | Checksum: 24ddf0e45

Time (s): cpu = 00:00:20 ; elapsed = 00:00:17 . Memory (MB): peak = 1926.387 ; gain = 0.000
Phase 3 Detail Placement | Checksum: 24ddf0e45

Time (s): cpu = 00:00:20 ; elapsed = 00:00:17 . Memory (MB): peak = 1926.387 ; gain = 0.000

Phase 4 Post Placement Optimization and Clean-Up

Phase 4.1 Post Commit Optimization
INFO: [Timing 38-35] Done setting XDC timing constraints.

Phase 4.1.1 Post Placement Optimization
Post Placement Optimization Initialization | Checksum: 21d32065e

Phase 4.1.1.1 BUFG Insertion

Starting Physical Synthesis Task

Phase 1 Physical Synthesis Initialization
INFO: [Physopt 32-721] Multithreading enabled for phys_opt_design using a maximum of 2 CPUs
INFO: [Physopt 32-619] Estimated Timing Summary | WNS=13.293 | TNS=0.000 |
Phase 1 Physical Synthesis Initialization | Checksum: 1f858ed6c

Time (s): cpu = 00:00:01 ; elapsed = 00:00:00.423 . Memory (MB): peak = 1926.387 ; gain = 0.000
INFO: [Place 46-56] BUFG insertion identified 0 candidate nets. Inserted BUFG: 0, Replicated BUFG Driver: 0, Skipped due to Placement/Routing Conflicts: 0, Skipped due to Timing Degradation: 0, Skipped due to Illegal Netlist: 0.
Ending Physical Synthesis Task | Checksum: 2802565ba

Time (s): cpu = 00:00:01 ; elapsed = 00:00:00.453 . Memory (MB): peak = 1926.387 ; gain = 0.000
Phase 4.1.1.1 BUFG Insertion | Checksum: 21d32065e

Time (s): cpu = 00:00:23 ; elapsed = 00:00:19 . Memory (MB): peak = 1926.387 ; gain = 0.000
INFO: [Place 30-746] Post Placement Timing Summary WNS=13.293. For the most accurate timing information please run report_timing.
Phase 4.1.1 Post Placement Optimization | Checksum: 23ebc4775

Time (s): cpu = 00:00:23 ; elapsed = 00:00:19 . Memory (MB): peak = 1926.387 ; gain = 0.000
Phase 4.1 Post Commit Optimization | Checksum: 23ebc4775

Time (s): cpu = 00:00:23 ; elapsed = 00:00:19 . Memory (MB): peak = 1926.387 ; gain = 0.000

Phase 4.2 Post Placement Cleanup
Phase 4.2 Post Placement Cleanup | Checksum: 23ebc4775

Time (s): cpu = 00:00:23 ; elapsed = 00:00:19 . Memory (MB): peak = 1926.387 ; gain = 0.000

Phase 4.3 Placer Reporting
Phase 4.3 Placer Reporting | Checksum: 23ebc4775

Time (s): cpu = 00:00:24 ; elapsed = 00:00:20 . Memory (MB): peak = 1926.387 ; gain = 0.000

Phase 4.4 Final Placement Cleanup
Netlist sorting complete. Time (s): cpu = 00:00:00 ; elapsed = 00:00:00.004 . Memory (MB): peak = 1926.387 ; gain = 0.000
Phase 4.4 Final Placement Cleanup | Checksum: 190f5117e

Time (s): cpu = 00:00:24 ; elapsed = 00:00:20 . Memory (MB): peak = 1926.387 ; gain = 0.000
Phase 4 Post Placement Optimization and Clean-Up | Checksum: 190f5117e

Time (s): cpu = 00:00:24 ; elapsed = 00:00:20 . Memory (MB): peak = 1926.387 ; gain = 0.000
Ending Placer Task | Checksum: 11ee21d0b

Time (s): cpu = 00:00:24 ; elapsed = 00:00:20 . Memory (MB): peak = 1926.387 ; gain = 0.000
INFO: [Common 17-83] Releasing license: Implementation
76 Infos, 0 Warnings, 0 Critical Warnings and 0 Errors encountered.
place_design completed successfully
place_design: Time (s): cpu = 00:00:28 ; elapsed = 00:00:22 . Memory (MB): peak = 1926.387 ; gain = 0.000
INFO: [Timing 38-480] Writing timing data to binary archive.
Writing placer database...
Writing XDEF routing.
Writing XDEF routing logical nets.
Writing XDEF routing special nets.
Write XDEF Complete: Time (s): cpu = 00:00:03 ; elapsed = 00:00:01 . Memory (MB): peak = 1926.387 ; gain = 0.000
INFO: [Common 17-1381] The checkpoint 'C:/Users/akshi/Downloads/nn_system_architecture/simulations_rema_modules/digital_design_verification/fsmd/fsmd.runs/impl_1/fsmd_bd_wrapper_placed.dcp' has been generated.
write_checkpoint: Time (s): cpu = 00:00:05 ; elapsed = 00:00:05 . Memory (MB): peak = 1926.387 ; gain = 0.000
INFO: [runtcl-4] Executing : report_io -file fsmd_bd_wrapper_io_placed.rpt
report_io: Time (s): cpu = 00:00:00 ; elapsed = 00:00:00.301 . Memory (MB): peak = 1926.387 ; gain = 0.000
INFO: [runtcl-4] Executing : report_utilization -file fsmd_bd_wrapper_utilization_placed.rpt -pb fsmd_bd_wrapper_utilization_placed.pb
INFO: [runtcl-4] Executing : report_control_sets -verbose -file fsmd_bd_wrapper_control_sets_placed.rpt
report_control_sets: Time (s): cpu = 00:00:00 ; elapsed = 00:00:00.053 . Memory (MB): peak = 1926.387 ; gain = 0.000
Command: phys_opt_design
Attempting to get a license for feature 'Implementation' and/or device 'xc7z020'
INFO: [Common 17-349] Got license for feature 'Implementation' and/or device 'xc7z020'
INFO: [Vivado_Tcl 4-383] Design worst setup slack (WNS) is greater than or equal to 0.000 ns. Skipping all physical synthesis optimizations.
INFO: [Vivado_Tcl 4-232] No setup violation found. The netlist was not modified.
INFO: [Common 17-83] Releasing license: Implementation
85 Infos, 0 Warnings, 0 Critical Warnings and 0 Errors encountered.
phys_opt_design completed successfully
INFO: [Timing 38-480] Writing timing data to binary archive.
Writing placer database...
Writing XDEF routing.
Writing XDEF routing logical nets.
Writing XDEF routing special nets.
Write XDEF Complete: Time (s): cpu = 00:00:04 ; elapsed = 00:00:01 . Memory (MB): peak = 1926.387 ; gain = 0.000
INFO: [Common 17-1381] The checkpoint 'C:/Users/akshi/Downloads/nn_system_architecture/simulations_rema_modules/digital_design_verification/fsmd/fsmd.runs/impl_1/fsmd_bd_wrapper_physopt.dcp' has been generated.
Command: route_design
Attempting to get a license for feature 'Implementation' and/or device 'xc7z020'
INFO: [Common 17-349] Got license for feature 'Implementation' and/or device 'xc7z020'
Running DRC as a precondition to command route_design
INFO: [DRC 23-27] Running DRC with 2 threads
INFO: [Vivado_Tcl 4-198] DRC finished with 0 Errors
INFO: [Vivado_Tcl 4-199] Please refer to the DRC report (report_drc) for more information.


Starting Routing Task
INFO: [Route 35-254] Multithreading enabled for route_design using a maximum of 2 CPUs
Checksum: PlaceDB: d8552baa ConstDB: 0 ShapeSum: 468cf161 RouteDB: 0

Phase 1 Build RT Design
Phase 1 Build RT Design | Checksum: 109dade4e

Time (s): cpu = 00:01:00 ; elapsed = 00:00:58 . Memory (MB): peak = 1994.930 ; gain = 68.543
Post Restoration Checksum: NetGraph: d854a21e NumContArr: 31863c30 Constraints: 0 Timing: 0

Phase 2 Router Initialization

Phase 2.1 Create Timer
Phase 2.1 Create Timer | Checksum: 109dade4e

Time (s): cpu = 00:01:01 ; elapsed = 00:00:58 . Memory (MB): peak = 1994.930 ; gain = 68.543

Phase 2.2 Fix Topology Constraints
Phase 2.2 Fix Topology Constraints | Checksum: 109dade4e

Time (s): cpu = 00:01:01 ; elapsed = 00:00:58 . Memory (MB): peak = 2001.422 ; gain = 75.035

Phase 2.3 Pre Route Cleanup
Phase 2.3 Pre Route Cleanup | Checksum: 109dade4e

Time (s): cpu = 00:01:01 ; elapsed = 00:00:58 . Memory (MB): peak = 2001.422 ; gain = 75.035
 Number of Nodes with overlaps = 0

Phase 2.4 Update Timing
Phase 2.4 Update Timing | Checksum: 13158e0cd

Time (s): cpu = 00:01:05 ; elapsed = 00:01:01 . Memory (MB): peak = 2014.066 ; gain = 87.680
INFO: [Route 35-416] Intermediate Timing Summary | WNS=13.350 | TNS=0.000  | WHS=-0.190 | THS=-100.644|


Phase 2.5 Update Timing for Bus Skew

Phase 2.5.1 Update Timing
Phase 2.5.1 Update Timing | Checksum: 20dceee8f

Time (s): cpu = 00:01:08 ; elapsed = 00:01:03 . Memory (MB): peak = 2015.070 ; gain = 88.684
INFO: [Route 35-416] Intermediate Timing Summary | WNS=13.350 | TNS=0.000  | WHS=N/A    | THS=N/A    |

Phase 2.5 Update Timing for Bus Skew | Checksum: 1e1510761

Time (s): cpu = 00:01:08 ; elapsed = 00:01:03 . Memory (MB): peak = 2030.504 ; gain = 104.117
Phase 2 Router Initialization | Checksum: 14fbf9e19

Time (s): cpu = 00:01:08 ; elapsed = 00:01:03 . Memory (MB): peak = 2030.504 ; gain = 104.117

Router Utilization Summary
  Global Vertical Routing Utilization    = 0 %
  Global Horizontal Routing Utilization  = 0 %
  Routable Net Status*
  *Does not include unroutable nets such as driverless and loadless.
  Run report_route_status for detailed report.
  Number of Failed Nets               = 3531
    (Failed Nets is the sum of unrouted and partially routed nets)
  Number of Unrouted Nets             = 3531
  Number of Partially Routed Nets     = 0
  Number of Node Overlaps             = 0


Phase 3 Initial Routing
Phase 3 Initial Routing | Checksum: 1df5e07dc

Time (s): cpu = 00:01:09 ; elapsed = 00:01:04 . Memory (MB): peak = 2030.504 ; gain = 104.117

Phase 4 Rip-up And Reroute

Phase 4.1 Global Iteration 0
 Number of Nodes with overlaps = 270
 Number of Nodes with overlaps = 1
 Number of Nodes with overlaps = 0
INFO: [Route 35-416] Intermediate Timing Summary | WNS=12.788 | TNS=0.000  | WHS=N/A    | THS=N/A    |

Phase 4.1 Global Iteration 0 | Checksum: 1c7bad35e

Time (s): cpu = 00:01:13 ; elapsed = 00:01:06 . Memory (MB): peak = 2030.504 ; gain = 104.117

Phase 4.2 Global Iteration 1
 Number of Nodes with overlaps = 0
INFO: [Route 35-416] Intermediate Timing Summary | WNS=12.788 | TNS=0.000  | WHS=N/A    | THS=N/A    |

Phase 4.2 Global Iteration 1 | Checksum: 1cf0ca317

Time (s): cpu = 00:01:13 ; elapsed = 00:01:07 . Memory (MB): peak = 2030.504 ; gain = 104.117
Phase 4 Rip-up And Reroute | Checksum: 1cf0ca317

Time (s): cpu = 00:01:13 ; elapsed = 00:01:07 . Memory (MB): peak = 2030.504 ; gain = 104.117

Phase 5 Delay and Skew Optimization

Phase 5.1 Delay CleanUp
Phase 5.1 Delay CleanUp | Checksum: 1cf0ca317

Time (s): cpu = 00:01:13 ; elapsed = 00:01:07 . Memory (MB): peak = 2030.504 ; gain = 104.117

Phase 5.2 Clock Skew Optimization
Phase 5.2 Clock Skew Optimization | Checksum: 1cf0ca317

Time (s): cpu = 00:01:13 ; elapsed = 00:01:07 . Memory (MB): peak = 2030.504 ; gain = 104.117
Phase 5 Delay and Skew Optimization | Checksum: 1cf0ca317

Time (s): cpu = 00:01:13 ; elapsed = 00:01:07 . Memory (MB): peak = 2030.504 ; gain = 104.117

Phase 6 Post Hold Fix

Phase 6.1 Hold Fix Iter

Phase 6.1.1 Update Timing
Phase 6.1.1 Update Timing | Checksum: 1d5482a9b

Time (s): cpu = 00:01:14 ; elapsed = 00:01:07 . Memory (MB): peak = 2030.504 ; gain = 104.117
INFO: [Route 35-416] Intermediate Timing Summary | WNS=12.903 | TNS=0.000  | WHS=0.057  | THS=0.000  |

Phase 6.1 Hold Fix Iter | Checksum: 14d4c9bf0

Time (s): cpu = 00:01:14 ; elapsed = 00:01:07 . Memory (MB): peak = 2030.504 ; gain = 104.117
Phase 6 Post Hold Fix | Checksum: 14d4c9bf0

Time (s): cpu = 00:01:14 ; elapsed = 00:01:07 . Memory (MB): peak = 2030.504 ; gain = 104.117

Phase 7 Route finalize

Router Utilization Summary
  Global Vertical Routing Utilization    = 0.399555 %
  Global Horizontal Routing Utilization  = 0.464757 %
  Routable Net Status*
  *Does not include unroutable nets such as driverless and loadless.
  Run report_route_status for detailed report.
  Number of Failed Nets               = 0
    (Failed Nets is the sum of unrouted and partially routed nets)
  Number of Unrouted Nets             = 0
  Number of Partially Routed Nets     = 0
  Number of Node Overlaps             = 0

Phase 7 Route finalize | Checksum: 1a02cf6c0

Time (s): cpu = 00:01:14 ; elapsed = 00:01:07 . Memory (MB): peak = 2030.504 ; gain = 104.117

Phase 8 Verifying routed nets

 Verification completed successfully
Phase 8 Verifying routed nets | Checksum: 1a02cf6c0

Time (s): cpu = 00:01:14 ; elapsed = 00:01:07 . Memory (MB): peak = 2030.504 ; gain = 104.117

Phase 9 Depositing Routes
Phase 9 Depositing Routes | Checksum: 1baf8f351

Time (s): cpu = 00:01:15 ; elapsed = 00:01:08 . Memory (MB): peak = 2030.504 ; gain = 104.117

Phase 10 Post Router Timing
INFO: [Route 35-57] Estimated Timing Summary | WNS=12.903 | TNS=0.000  | WHS=0.057  | THS=0.000  |

INFO: [Route 35-327] The final timing numbers are based on the router estimated timing analysis. For a complete and accurate timing signoff, please run report_timing_summary.
Phase 10 Post Router Timing | Checksum: 1baf8f351

Time (s): cpu = 00:01:15 ; elapsed = 00:01:08 . Memory (MB): peak = 2030.504 ; gain = 104.117
INFO: [Route 35-16] Router Completed Successfully

Time (s): cpu = 00:01:15 ; elapsed = 00:01:08 . Memory (MB): peak = 2030.504 ; gain = 104.117

Routing Is Done.
INFO: [Common 17-83] Releasing license: Implementation
101 Infos, 0 Warnings, 0 Critical Warnings and 0 Errors encountered.
route_design completed successfully
route_design: Time (s): cpu = 00:01:20 ; elapsed = 00:01:11 . Memory (MB): peak = 2030.504 ; gain = 104.117
INFO: [Timing 38-480] Writing timing data to binary archive.
Writing placer database...
Writing XDEF routing.
Writing XDEF routing logical nets.
Writing XDEF routing special nets.
Write XDEF Complete: Time (s): cpu = 00:00:03 ; elapsed = 00:00:01 . Memory (MB): peak = 2039.906 ; gain = 9.402
INFO: [Common 17-1381] The checkpoint 'C:/Users/akshi/Downloads/nn_system_architecture/simulations_rema_modules/digital_design_verification/fsmd/fsmd.runs/impl_1/fsmd_bd_wrapper_routed.dcp' has been generated.
INFO: [runtcl-4] Executing : report_drc -file fsmd_bd_wrapper_drc_routed.rpt -pb fsmd_bd_wrapper_drc_routed.pb -rpx fsmd_bd_wrapper_drc_routed.rpx
Command: report_drc -file fsmd_bd_wrapper_drc_routed.rpt -pb fsmd_bd_wrapper_drc_routed.pb -rpx fsmd_bd_wrapper_drc_routed.rpx
INFO: [IP_Flow 19-1839] IP Catalog is up to date.
INFO: [DRC 23-27] Running DRC with 2 threads
INFO: [Coretcl 2-168] The results of DRC are in file C:/Users/akshi/Downloads/nn_system_architecture/simulations_rema_modules/digital_design_verification/fsmd/fsmd.runs/impl_1/fsmd_bd_wrapper_drc_routed.rpt.
report_drc completed successfully
INFO: [runtcl-4] Executing : report_methodology -file fsmd_bd_wrapper_methodology_drc_routed.rpt -pb fsmd_bd_wrapper_methodology_drc_routed.pb -rpx fsmd_bd_wrapper_methodology_drc_routed.rpx
Command: report_methodology -file fsmd_bd_wrapper_methodology_drc_routed.rpt -pb fsmd_bd_wrapper_methodology_drc_routed.pb -rpx fsmd_bd_wrapper_methodology_drc_routed.rpx
INFO: [Timing 38-35] Done setting XDC timing constraints.
INFO: [DRC 23-133] Running Methodology with 2 threads
INFO: [Coretcl 2-1520] The results of Report Methodology are in file C:/Users/akshi/Downloads/nn_system_architecture/simulations_rema_modules/digital_design_verification/fsmd/fsmd.runs/impl_1/fsmd_bd_wrapper_methodology_drc_routed.rpt.
report_methodology completed successfully
INFO: [runtcl-4] Executing : report_power -file fsmd_bd_wrapper_power_routed.rpt -pb fsmd_bd_wrapper_power_summary_routed.pb -rpx fsmd_bd_wrapper_power_routed.rpx
Command: report_power -file fsmd_bd_wrapper_power_routed.rpt -pb fsmd_bd_wrapper_power_summary_routed.pb -rpx fsmd_bd_wrapper_power_routed.rpx
INFO: [Timing 38-35] Done setting XDC timing constraints.
Running Vector-less Activity Propagation...

Finished Running Vector-less Activity Propagation
113 Infos, 0 Warnings, 0 Critical Warnings and 0 Errors encountered.
report_power completed successfully
INFO: [runtcl-4] Executing : report_route_status -file fsmd_bd_wrapper_route_status.rpt -pb fsmd_bd_wrapper_route_status.pb
INFO: [runtcl-4] Executing : report_timing_summary -max_paths 10 -file fsmd_bd_wrapper_timing_summary_routed.rpt -pb fsmd_bd_wrapper_timing_summary_routed.pb -rpx fsmd_bd_wrapper_timing_summary_routed.rpx -warn_on_violation 
INFO: [Timing 38-91] UpdateTimingParams: Speed grade: -1, Delay Type: min_max.
INFO: [Timing 38-191] Multithreading enabled for timing update using a maximum of 2 CPUs
WARNING: [Timing 38-436] There are set_bus_skew constraint(s) in this design. Please run report_bus_skew to ensure that bus skew requirements are met.
INFO: [runtcl-4] Executing : report_incremental_reuse -file fsmd_bd_wrapper_incremental_reuse_routed.rpt
INFO: [Vivado_Tcl 4-1062] Incremental flow is disabled. No incremental reuse Info to report.
INFO: [runtcl-4] Executing : report_clock_utilization -file fsmd_bd_wrapper_clock_utilization_routed.rpt
INFO: [runtcl-4] Executing : report_bus_skew -warn_on_violation -file fsmd_bd_wrapper_bus_skew_routed.rpt -pb fsmd_bd_wrapper_bus_skew_routed.pb -rpx fsmd_bd_wrapper_bus_skew_routed.rpx
INFO: [Timing 38-91] UpdateTimingParams: Speed grade: -1, Delay Type: min_max.
INFO: [Timing 38-191] Multithreading enabled for timing update using a maximum of 2 CPUs
INFO: [Common 17-206] Exiting Vivado at Sun Aug  2 21:54:38 2026...

*** Halting run - EA reset detected ***


*** Running vivado
    with args -log fsmd_bd_wrapper.vdi -applog -m64 -product Vivado -messageDb vivado.pb -mode batch -source fsmd_bd_wrapper.tcl -notrace



****** Vivado v2020.1 (64-bit)
  **** SW Build 2902540 on Wed May 27 19:54:49 MDT 2020
  **** IP Build 2902112 on Wed May 27 22:43:36 MDT 2020
    ** Copyright 1986-2020 Xilinx, Inc. All Rights Reserved.

source fsmd_bd_wrapper.tcl -notrace
Command: open_checkpoint fsmd_bd_wrapper_routed.dcp

Starting open_checkpoint Task

Time (s): cpu = 00:00:00 ; elapsed = 00:00:00.093 . Memory (MB): peak = 1061.074 ; gain = 0.000
INFO: [Device 21-403] Loading part xc7z020clg484-1
Netlist sorting complete. Time (s): cpu = 00:00:00 ; elapsed = 00:00:00.204 . Memory (MB): peak = 1061.074 ; gain = 0.000
INFO: [Netlist 29-17] Analyzing 123 Unisim elements for replacement
INFO: [Netlist 29-28] Unisim Transformation completed in 0 CPU seconds
INFO: [Project 1-479] Netlist was created with Vivado 2020.1
INFO: [Project 1-570] Preparing netlist for logic optimization
INFO: [Timing 38-478] Restoring timing data from binary archive.
INFO: [Timing 38-479] Binary timing data restore complete.
INFO: [Project 1-856] Restoring constraints from binary archive.
INFO: [Project 1-853] Binary constraint restore complete.
Reading XDEF placement.
Reading placer database...
Reading XDEF routing.
Read XDEF File: Time (s): cpu = 00:00:01 ; elapsed = 00:00:01 . Memory (MB): peak = 1543.492 ; gain = 7.570
Restored from archive | CPU: 1.000000 secs | Memory: 0.000000 MB |
Finished XDEF File Restore: Time (s): cpu = 00:00:01 ; elapsed = 00:00:01 . Memory (MB): peak = 1543.492 ; gain = 7.570
Netlist sorting complete. Time (s): cpu = 00:00:00 ; elapsed = 00:00:00.004 . Memory (MB): peak = 1543.492 ; gain = 0.000
INFO: [Project 1-111] Unisim Transformation Summary:
  A total of 62 instances were transformed.
  CFGLUT5 => CFGLUT5 (SRL16E, SRLC32E): 56 instances
  RAM32M => RAM32M (RAMD32(x6), RAMS32(x2)): 6 instances

INFO: [Project 1-604] Checkpoint was created with Vivado v2020.1 (64-bit) build 2902540
open_checkpoint: Time (s): cpu = 00:00:44 ; elapsed = 00:00:59 . Memory (MB): peak = 1543.492 ; gain = 482.418
Command: write_bitstream -force fsmd_bd_wrapper.bit
Attempting to get a license for feature 'Implementation' and/or device 'xc7z020'
INFO: [Common 17-349] Got license for feature 'Implementation' and/or device 'xc7z020'
Running DRC as a precondition to command write_bitstream
INFO: [IP_Flow 19-234] Refreshing IP repositories
INFO: [IP_Flow 19-1704] No user IP repositories specified
INFO: [IP_Flow 19-2313] Loaded Vivado IP repository 'C:/Xilinx/Vivado/2020.1/data/ip'.
INFO: [DRC 23-27] Running DRC with 2 threads
WARNING: [DRC RTSTAT-10] No routable loads: 25 net(s) have no routable loads. The problem bus(es) and/or net(s) are dbg_hub/inst/BSCANID.u_xsdbm_id/CORE_XSDB.UUT_MASTER/U_ICON_INTERFACE/U_CMD6_RD/U_RD_FIFO/SUBCORE_FIFO.xsdbm_v3_0_0_rdfifo_inst/inst_fifo_gen/gconvfifo.rf/grf.rf/gntv_or_sync_fifo.gl0.rd/gr1.gr1_int.rfwft/aempty_fwft_i, dbg_hub/inst/BSCANID.u_xsdbm_id/CORE_XSDB.UUT_MASTER/U_ICON_INTERFACE/U_CMD7_CTL/ctl_reg[2:0], dbg_hub/inst/BSCANID.u_xsdbm_id/CORE_XSDB.UUT_MASTER/U_ICON_INTERFACE/U_CMD1/ctl_reg_en_2[1], dbg_hub/inst/BSCANID.u_xsdbm_id/CORE_XSDB.UUT_MASTER/U_ICON_INTERFACE/U_CMD7_CTL/ctl_reg_en_2[1], dbg_hub/inst/BSCANID.u_xsdbm_id/SWITCH_N_EXT_BSCAN.bscan_switch/m_bscan_capture[0], dbg_hub/inst/BSCANID.u_xsdbm_id/SWITCH_N_EXT_BSCAN.bscan_switch/m_bscan_drck[0], dbg_hub/inst/BSCANID.u_xsdbm_id/SWITCH_N_EXT_BSCAN.bscan_switch/m_bscan_runtest[0], dbg_hub/inst/BSCANID.u_xsdbm_id/CORE_XSDB.UUT_MASTER/U_ICON_INTERFACE/U_CMD6_RD/U_RD_FIFO/SUBCORE_FIFO.xsdbm_v3_0_0_rdfifo_inst/inst_fifo_gen/gconvfifo.rf/grf.rf/gntv_or_sync_fifo.gl0.wr/gwhf.whf/overflow, dbg_hub/inst/BSCANID.u_xsdbm_id/CORE_XSDB.UUT_MASTER/U_ICON_INTERFACE/U_CMD6_WR/U_WR_FIFO/SUBCORE_FIFO.xsdbm_v3_0_0_wrfifo_inst/inst_fifo_gen/gconvfifo.rf/grf.rf/gntv_or_sync_fifo.gl0.wr/gwhf.whf/overflow, dbg_hub/inst/BSCANID.u_xsdbm_id/CORE_XSDB.UUT_MASTER/U_ICON_INTERFACE/U_CMD6_RD/U_RD_FIFO/SUBCORE_FIFO.xsdbm_v3_0_0_rdfifo_inst/inst_fifo_gen/gconvfifo.rf/grf.rf/gntv_or_sync_fifo.gl0.rd/gras.rsts/ram_empty_i, dbg_hub/inst/BSCANID.u_xsdbm_id/CORE_XSDB.UUT_MASTER/U_ICON_INTERFACE/U_CMD6_WR/U_WR_FIFO/SUBCORE_FIFO.xsdbm_v3_0_0_wrfifo_inst/inst_fifo_gen/gconvfifo.rf/grf.rf/gntv_or_sync_fifo.gl0.wr/gwas.wsts/ram_full_i, dbg_hub/inst/BSCANID.u_xsdbm_id/CORE_XSDB.UUT_MASTER/U_ICON_INTERFACE/U_CMD6_WR/U_WR_FIFO/SUBCORE_FIFO.xsdbm_v3_0_0_wrfifo_inst/inst_fifo_gen/gconvfifo.rf/grf.rf/rstblk/rd_rst_reg[0], dbg_hub/inst/BSCANID.u_xsdbm_id/SWITCH_N_EXT_BSCAN.bscan_inst/s_bscan_tms, fsmd_bd_i/system_ila_0/inst/ila_lib/inst/ila_core_inst/u_ila_regs/U_XSDB_SLAVE/s_daddr_o[13], fsmd_bd_i/system_ila_0/inst/ila_lib/inst/ila_core_inst/u_ila_regs/U_XSDB_SLAVE/s_daddr_o[14]... and (the first 15 of 23 listed).
INFO: [Vivado 12-3199] DRC finished with 0 Errors, 1 Warnings
INFO: [Vivado 12-3200] Please refer to the DRC report (report_drc) for more information.
INFO: [Designutils 20-2272] Running write_bitstream with 2 threads.
Loading data files...
Loading site data...
Loading route data...
Processing options...
Creating bitmap...
Creating bitstream...
Writing bitstream ./fsmd_bd_wrapper.bit...
INFO: [Vivado 12-1842] Bitgen Completed Successfully.
INFO: [Project 1-120] WebTalk data collection is mandatory when using a WebPACK part without a full Vivado license. To see the specific WebTalk data collected for your design, open the usage_statistics_webtalk.html or usage_statistics_webtalk.xml file in the implementation directory.
INFO: [Common 17-83] Releasing license: Implementation
22 Infos, 1 Warnings, 0 Critical Warnings and 0 Errors encountered.
write_bitstream completed successfully
write_bitstream: Time (s): cpu = 00:00:44 ; elapsed = 00:00:51 . Memory (MB): peak = 2027.309 ; gain = 483.816
INFO: [Common 17-206] Exiting Vivado at Sun Aug  2 22:12:22 2026...
