
*** Running vivado
    with args -log RisingEdge_DFlipFlop.vdi -applog -m64 -product Vivado -messageDb vivado.pb -mode batch -source RisingEdge_DFlipFlop.tcl -notrace



****** Vivado v2020.1 (64-bit)
  **** SW Build 2902540 on Wed May 27 19:54:49 MDT 2020
  **** IP Build 2902112 on Wed May 27 22:43:36 MDT 2020
    ** Copyright 1986-2020 Xilinx, Inc. All Rights Reserved.

source RisingEdge_DFlipFlop.tcl -notrace
Command: link_design -top RisingEdge_DFlipFlop -part xc7z020clg484-1
Design is defaulting to srcset: sources_1
Design is defaulting to constrset: constrs_1
INFO: [Device 21-403] Loading part xc7z020clg484-1
Netlist sorting complete. Time (s): cpu = 00:00:00 ; elapsed = 00:00:00 . Memory (MB): peak = 1026.629 ; gain = 0.000
INFO: [Project 1-479] Netlist was created with Vivado 2020.1
INFO: [Project 1-570] Preparing netlist for logic optimization
Parsing XDC File [C:/Users/akshi/Downloads/nn_system_architecture/simulations_rema_modules/dff_zed/dff_zed.srcs/constrs_1/new/pins.xdc]
Finished Parsing XDC File [C:/Users/akshi/Downloads/nn_system_architecture/simulations_rema_modules/dff_zed/dff_zed.srcs/constrs_1/new/pins.xdc]
INFO: [Opt 31-138] Pushed 0 inverter(s) to 0 load pin(s).
Netlist sorting complete. Time (s): cpu = 00:00:00 ; elapsed = 00:00:00 . Memory (MB): peak = 1026.629 ; gain = 0.000
INFO: [Project 1-111] Unisim Transformation Summary:
No Unisim elements were transformed.

5 Infos, 0 Warnings, 0 Critical Warnings and 0 Errors encountered.
link_design completed successfully
link_design: Time (s): cpu = 00:00:07 ; elapsed = 00:00:11 . Memory (MB): peak = 1026.629 ; gain = 0.000
Command: opt_design
Attempting to get a license for feature 'Implementation' and/or device 'xc7z020'
INFO: [Common 17-349] Got license for feature 'Implementation' and/or device 'xc7z020'
Running DRC as a precondition to command opt_design

Starting DRC Task
INFO: [DRC 23-27] Running DRC with 2 threads
INFO: [Project 1-461] DRC finished with 0 Errors
INFO: [Project 1-462] Please refer to the DRC report (report_drc) for more information.

Time (s): cpu = 00:00:01 ; elapsed = 00:00:00.799 . Memory (MB): peak = 1026.629 ; gain = 0.000

Starting Cache Timing Information Task
INFO: [Timing 38-35] Done setting XDC timing constraints.
Ending Cache Timing Information Task | Checksum: 1df532413

Time (s): cpu = 00:00:09 ; elapsed = 00:00:11 . Memory (MB): peak = 1289.582 ; gain = 262.953

Starting Logic Optimization Task

Phase 1 Retarget
INFO: [Opt 31-138] Pushed 0 inverter(s) to 0 load pin(s).
INFO: [Opt 31-49] Retargeted 0 cell(s).
Phase 1 Retarget | Checksum: 1df532413

Time (s): cpu = 00:00:00 ; elapsed = 00:00:00.021 . Memory (MB): peak = 1494.801 ; gain = 0.000
INFO: [Opt 31-389] Phase Retarget created 0 cells and removed 0 cells

Phase 2 Constant propagation
INFO: [Opt 31-138] Pushed 0 inverter(s) to 0 load pin(s).
Phase 2 Constant propagation | Checksum: 1df532413

Time (s): cpu = 00:00:00 ; elapsed = 00:00:00.024 . Memory (MB): peak = 1494.801 ; gain = 0.000
INFO: [Opt 31-389] Phase Constant propagation created 0 cells and removed 0 cells

Phase 3 Sweep
Phase 3 Sweep | Checksum: 1df532413

Time (s): cpu = 00:00:00 ; elapsed = 00:00:00.030 . Memory (MB): peak = 1494.801 ; gain = 0.000
INFO: [Opt 31-389] Phase Sweep created 0 cells and removed 0 cells

Phase 4 BUFG optimization
Phase 4 BUFG optimization | Checksum: 1df532413

Time (s): cpu = 00:00:00 ; elapsed = 00:00:00.037 . Memory (MB): peak = 1494.801 ; gain = 0.000
INFO: [Opt 31-662] Phase BUFG optimization created 0 cells of which 0 are BUFGs and removed 0 cells.

Phase 5 Shift Register Optimization
INFO: [Opt 31-1064] SRL Remap converted 0 SRLs to 0 registers and converted 0 registers of register chains to 0 SRLs
Phase 5 Shift Register Optimization | Checksum: 1df532413

Time (s): cpu = 00:00:00 ; elapsed = 00:00:00.039 . Memory (MB): peak = 1494.801 ; gain = 0.000
INFO: [Opt 31-389] Phase Shift Register Optimization created 0 cells and removed 0 cells

Phase 6 Post Processing Netlist
Phase 6 Post Processing Netlist | Checksum: 1df532413

Time (s): cpu = 00:00:00 ; elapsed = 00:00:00.041 . Memory (MB): peak = 1494.801 ; gain = 0.000
INFO: [Opt 31-389] Phase Post Processing Netlist created 0 cells and removed 0 cells
Opt_design Change Summary
=========================


-------------------------------------------------------------------------------------------------------------------------
|  Phase                        |  #Cells created  |  #Cells Removed  |  #Constrained objects preventing optimizations  |
-------------------------------------------------------------------------------------------------------------------------
|  Retarget                     |               0  |               0  |                                              0  |
|  Constant propagation         |               0  |               0  |                                              0  |
|  Sweep                        |               0  |               0  |                                              0  |
|  BUFG optimization            |               0  |               0  |                                              0  |
|  Shift Register Optimization  |               0  |               0  |                                              0  |
|  Post Processing Netlist      |               0  |               0  |                                              0  |
-------------------------------------------------------------------------------------------------------------------------



Starting Connectivity Check Task

Time (s): cpu = 00:00:00 ; elapsed = 00:00:00 . Memory (MB): peak = 1494.801 ; gain = 0.000
Ending Logic Optimization Task | Checksum: 1df532413

Time (s): cpu = 00:00:00 ; elapsed = 00:00:00.043 . Memory (MB): peak = 1494.801 ; gain = 0.000

Starting Power Optimization Task
INFO: [Pwropt 34-132] Skipping clock gating for clocks with a period < 2.00 ns.
Ending Power Optimization Task | Checksum: 1df532413

Time (s): cpu = 00:00:00 ; elapsed = 00:00:00.014 . Memory (MB): peak = 1494.801 ; gain = 0.000

Starting Final Cleanup Task
Ending Final Cleanup Task | Checksum: 1df532413

Time (s): cpu = 00:00:00 ; elapsed = 00:00:00 . Memory (MB): peak = 1494.801 ; gain = 0.000

Starting Netlist Obfuscation Task
Netlist sorting complete. Time (s): cpu = 00:00:00 ; elapsed = 00:00:00 . Memory (MB): peak = 1494.801 ; gain = 0.000
Ending Netlist Obfuscation Task | Checksum: 1df532413

Time (s): cpu = 00:00:00 ; elapsed = 00:00:00 . Memory (MB): peak = 1494.801 ; gain = 0.000
INFO: [Common 17-83] Releasing license: Implementation
22 Infos, 0 Warnings, 0 Critical Warnings and 0 Errors encountered.
opt_design completed successfully
opt_design: Time (s): cpu = 00:00:13 ; elapsed = 00:00:14 . Memory (MB): peak = 1494.801 ; gain = 468.172
INFO: [Timing 38-480] Writing timing data to binary archive.
Writing placer database...
Writing XDEF routing.
Writing XDEF routing logical nets.
Writing XDEF routing special nets.
Write XDEF Complete: Time (s): cpu = 00:00:00 ; elapsed = 00:00:00.065 . Memory (MB): peak = 1494.801 ; gain = 0.000
INFO: [Common 17-1381] The checkpoint 'C:/Users/akshi/Downloads/nn_system_architecture/simulations_rema_modules/dff_zed/dff_zed.runs/impl_1/RisingEdge_DFlipFlop_opt.dcp' has been generated.
INFO: [runtcl-4] Executing : report_drc -file RisingEdge_DFlipFlop_drc_opted.rpt -pb RisingEdge_DFlipFlop_drc_opted.pb -rpx RisingEdge_DFlipFlop_drc_opted.rpx
Command: report_drc -file RisingEdge_DFlipFlop_drc_opted.rpt -pb RisingEdge_DFlipFlop_drc_opted.pb -rpx RisingEdge_DFlipFlop_drc_opted.rpx
INFO: [IP_Flow 19-234] Refreshing IP repositories
INFO: [IP_Flow 19-1704] No user IP repositories specified
INFO: [IP_Flow 19-2313] Loaded Vivado IP repository 'C:/Vivado/Vivado/2020.1/data/ip'.
INFO: [DRC 23-27] Running DRC with 2 threads
INFO: [Coretcl 2-168] The results of DRC are in file C:/Users/akshi/Downloads/nn_system_architecture/simulations_rema_modules/dff_zed/dff_zed.runs/impl_1/RisingEdge_DFlipFlop_drc_opted.rpt.
report_drc completed successfully
Command: place_design
Attempting to get a license for feature 'Implementation' and/or device 'xc7z020'
INFO: [Common 17-349] Got license for feature 'Implementation' and/or device 'xc7z020'
INFO: [DRC 23-27] Running DRC with 2 threads
INFO: [Vivado_Tcl 4-198] DRC finished with 0 Errors
INFO: [Vivado_Tcl 4-199] Please refer to the DRC report (report_drc) for more information.
Running DRC as a precondition to command place_design
INFO: [DRC 23-27] Running DRC with 2 threads
INFO: [Vivado_Tcl 4-198] DRC finished with 0 Errors
INFO: [Vivado_Tcl 4-199] Please refer to the DRC report (report_drc) for more information.

Starting Placer Task
INFO: [Place 30-611] Multithreading enabled for place_design using a maximum of 2 CPUs

Phase 1 Placer Initialization

Phase 1.1 Placer Initialization Netlist Sorting
Netlist sorting complete. Time (s): cpu = 00:00:00 ; elapsed = 00:00:00 . Memory (MB): peak = 1498.488 ; gain = 0.000
Phase 1.1 Placer Initialization Netlist Sorting | Checksum: 107c0cf18

Time (s): cpu = 00:00:00 ; elapsed = 00:00:00.014 . Memory (MB): peak = 1498.488 ; gain = 0.000
Netlist sorting complete. Time (s): cpu = 00:00:00 ; elapsed = 00:00:00 . Memory (MB): peak = 1498.488 ; gain = 0.000

Phase 1.2 IO Placement/ Clock Placement/ Build Placer Device
INFO: [Timing 38-35] Done setting XDC timing constraints.
Phase 1.2 IO Placement/ Clock Placement/ Build Placer Device | Checksum: a11adbe0

Time (s): cpu = 00:00:01 ; elapsed = 00:00:00.536 . Memory (MB): peak = 1507.770 ; gain = 9.281

Phase 1.3 Build Placer Netlist Model
Phase 1.3 Build Placer Netlist Model | Checksum: a9b8837d

Time (s): cpu = 00:00:01 ; elapsed = 00:00:00.643 . Memory (MB): peak = 1507.770 ; gain = 9.281

Phase 1.4 Constrain Clocks/Macros
Phase 1.4 Constrain Clocks/Macros | Checksum: a9b8837d

Time (s): cpu = 00:00:01 ; elapsed = 00:00:00.647 . Memory (MB): peak = 1507.770 ; gain = 9.281
Phase 1 Placer Initialization | Checksum: a9b8837d

Time (s): cpu = 00:00:01 ; elapsed = 00:00:00.657 . Memory (MB): peak = 1507.770 ; gain = 9.281

Phase 2 Global Placement

Phase 2.1 Floorplanning
Phase 2.1 Floorplanning | Checksum: a9b8837d

Time (s): cpu = 00:00:01 ; elapsed = 00:00:00.666 . Memory (MB): peak = 1507.770 ; gain = 9.281

Phase 2.2 Global Placement Core
WARNING: [Place 46-29] place_design is not in timing mode. Skip physical synthesis in placer
Phase 2.2 Global Placement Core | Checksum: 14ad797f8

Time (s): cpu = 00:00:02 ; elapsed = 00:00:01 . Memory (MB): peak = 1507.770 ; gain = 9.281
Phase 2 Global Placement | Checksum: 14ad797f8

Time (s): cpu = 00:00:02 ; elapsed = 00:00:01 . Memory (MB): peak = 1507.770 ; gain = 9.281

Phase 3 Detail Placement

Phase 3.1 Commit Multi Column Macros
Phase 3.1 Commit Multi Column Macros | Checksum: 14ad797f8

Time (s): cpu = 00:00:02 ; elapsed = 00:00:01 . Memory (MB): peak = 1507.770 ; gain = 9.281

Phase 3.2 Commit Most Macros & LUTRAMs
Phase 3.2 Commit Most Macros & LUTRAMs | Checksum: db1db4e4

Time (s): cpu = 00:00:02 ; elapsed = 00:00:01 . Memory (MB): peak = 1507.770 ; gain = 9.281

Phase 3.3 Area Swap Optimization
Phase 3.3 Area Swap Optimization | Checksum: f6132c6c

Time (s): cpu = 00:00:02 ; elapsed = 00:00:01 . Memory (MB): peak = 1507.770 ; gain = 9.281

Phase 3.4 Pipeline Register Optimization
Phase 3.4 Pipeline Register Optimization | Checksum: f6132c6c

Time (s): cpu = 00:00:02 ; elapsed = 00:00:01 . Memory (MB): peak = 1507.770 ; gain = 9.281

Phase 3.5 Small Shape Detail Placement
Phase 3.5 Small Shape Detail Placement | Checksum: 9a80e8fe

Time (s): cpu = 00:00:02 ; elapsed = 00:00:01 . Memory (MB): peak = 1507.770 ; gain = 9.281

Phase 3.6 Re-assign LUT pins
Phase 3.6 Re-assign LUT pins | Checksum: 9a80e8fe

Time (s): cpu = 00:00:02 ; elapsed = 00:00:01 . Memory (MB): peak = 1507.770 ; gain = 9.281

Phase 3.7 Pipeline Register Optimization
Phase 3.7 Pipeline Register Optimization | Checksum: 9a80e8fe

Time (s): cpu = 00:00:02 ; elapsed = 00:00:01 . Memory (MB): peak = 1507.770 ; gain = 9.281
Phase 3 Detail Placement | Checksum: 9a80e8fe

Time (s): cpu = 00:00:02 ; elapsed = 00:00:01 . Memory (MB): peak = 1507.770 ; gain = 9.281

Phase 4 Post Placement Optimization and Clean-Up

Phase 4.1 Post Commit Optimization
Phase 4.1 Post Commit Optimization | Checksum: 9a80e8fe

Time (s): cpu = 00:00:02 ; elapsed = 00:00:01 . Memory (MB): peak = 1507.770 ; gain = 9.281

Phase 4.2 Post Placement Cleanup
Phase 4.2 Post Placement Cleanup | Checksum: 9a80e8fe

Time (s): cpu = 00:00:02 ; elapsed = 00:00:01 . Memory (MB): peak = 1507.770 ; gain = 9.281

Phase 4.3 Placer Reporting
Phase 4.3 Placer Reporting | Checksum: 9a80e8fe

Time (s): cpu = 00:00:02 ; elapsed = 00:00:01 . Memory (MB): peak = 1507.770 ; gain = 9.281

Phase 4.4 Final Placement Cleanup
Netlist sorting complete. Time (s): cpu = 00:00:00 ; elapsed = 00:00:00 . Memory (MB): peak = 1507.770 ; gain = 0.000
Phase 4.4 Final Placement Cleanup | Checksum: 9a80e8fe

Time (s): cpu = 00:00:02 ; elapsed = 00:00:01 . Memory (MB): peak = 1507.770 ; gain = 9.281
Phase 4 Post Placement Optimization and Clean-Up | Checksum: 9a80e8fe

Time (s): cpu = 00:00:02 ; elapsed = 00:00:01 . Memory (MB): peak = 1507.770 ; gain = 9.281
Ending Placer Task | Checksum: 79a089fa

Time (s): cpu = 00:00:02 ; elapsed = 00:00:01 . Memory (MB): peak = 1507.770 ; gain = 9.281
INFO: [Common 17-83] Releasing license: Implementation
40 Infos, 1 Warnings, 0 Critical Warnings and 0 Errors encountered.
place_design completed successfully
INFO: [Timing 38-480] Writing timing data to binary archive.
Writing placer database...
Writing XDEF routing.
Writing XDEF routing logical nets.
Writing XDEF routing special nets.
Write XDEF Complete: Time (s): cpu = 00:00:00 ; elapsed = 00:00:00.069 . Memory (MB): peak = 1507.770 ; gain = 0.000
INFO: [Common 17-1381] The checkpoint 'C:/Users/akshi/Downloads/nn_system_architecture/simulations_rema_modules/dff_zed/dff_zed.runs/impl_1/RisingEdge_DFlipFlop_placed.dcp' has been generated.
INFO: [runtcl-4] Executing : report_io -file RisingEdge_DFlipFlop_io_placed.rpt
report_io: Time (s): cpu = 00:00:01 ; elapsed = 00:00:00.068 . Memory (MB): peak = 1507.770 ; gain = 0.000
INFO: [runtcl-4] Executing : report_utilization -file RisingEdge_DFlipFlop_utilization_placed.rpt -pb RisingEdge_DFlipFlop_utilization_placed.pb
INFO: [runtcl-4] Executing : report_control_sets -verbose -file RisingEdge_DFlipFlop_control_sets_placed.rpt
report_control_sets: Time (s): cpu = 00:00:00 ; elapsed = 00:00:00.002 . Memory (MB): peak = 1507.770 ; gain = 0.000
Command: phys_opt_design
Attempting to get a license for feature 'Implementation' and/or device 'xc7z020'
INFO: [Common 17-349] Got license for feature 'Implementation' and/or device 'xc7z020'
INFO: [Timing 38-35] Done setting XDC timing constraints.
INFO: [Vivado_Tcl 4-383] Design worst setup slack (WNS) is greater than or equal to 0.000 ns. Skipping all physical synthesis optimizations.
INFO: [Vivado_Tcl 4-232] No setup violation found. The netlist was not modified.
INFO: [Common 17-83] Releasing license: Implementation
50 Infos, 1 Warnings, 0 Critical Warnings and 0 Errors encountered.
phys_opt_design completed successfully
INFO: [Timing 38-480] Writing timing data to binary archive.
Writing placer database...
Writing XDEF routing.
Writing XDEF routing logical nets.
Writing XDEF routing special nets.
Write XDEF Complete: Time (s): cpu = 00:00:00 ; elapsed = 00:00:00.066 . Memory (MB): peak = 1535.949 ; gain = 0.020
INFO: [Common 17-1381] The checkpoint 'C:/Users/akshi/Downloads/nn_system_architecture/simulations_rema_modules/dff_zed/dff_zed.runs/impl_1/RisingEdge_DFlipFlop_physopt.dcp' has been generated.
Command: route_design
Attempting to get a license for feature 'Implementation' and/or device 'xc7z020'
INFO: [Common 17-349] Got license for feature 'Implementation' and/or device 'xc7z020'
Running DRC as a precondition to command route_design
INFO: [DRC 23-27] Running DRC with 2 threads
INFO: [Vivado_Tcl 4-198] DRC finished with 0 Errors
INFO: [Vivado_Tcl 4-199] Please refer to the DRC report (report_drc) for more information.


Starting Routing Task
INFO: [Route 35-254] Multithreading enabled for route_design using a maximum of 2 CPUs
Checksum: PlaceDB: 39dd07fe ConstDB: 0 ShapeSum: 3fc381fc RouteDB: 0

Phase 1 Build RT Design
